Archive member included to satisfy reference by file (symbol)

D:/Toolchain/arm-gnu-toolchain-14.3.rel1-mingw-w64-i686-arm-none-eabi/bin/../lib/gcc/arm-none-eabi/14.3.1/../../../../arm-none-eabi/lib/thumb/v7e-m+fp/hard\libc_nano.a(libc_a-exit.o)
                              D:/Toolchain/arm-gnu-toolchain-14.3.rel1-mingw-w64-i686-arm-none-eabi/bin/../lib/gcc/arm-none-eabi/14.3.1/../../../../arm-none-eabi/lib/thumb/v7e-m+fp/hard/crt0.o (exit)
D:/Toolchain/arm-gnu-toolchain-14.3.rel1-mingw-w64-i686-arm-none-eabi/bin/../lib/gcc/arm-none-eabi/14.3.1/../../../../arm-none-eabi/lib/thumb/v7e-m+fp/hard\libc_nano.a(libc_a-findfp.o)
                              D:/Toolchain/arm-gnu-toolchain-14.3.rel1-mingw-w64-i686-arm-none-eabi/bin/../lib/gcc/arm-none-eabi/14.3.1/../../../../arm-none-eabi/lib/thumb/v7e-m+fp/hard\libc_nano.a(libc_a-exit.o) (__stdio_exit_handler)
D:/Toolchain/arm-gnu-toolchain-14.3.rel1-mingw-w64-i686-arm-none-eabi/bin/../lib/gcc/arm-none-eabi/14.3.1/../../../../arm-none-eabi/lib/thumb/v7e-m+fp/hard\libc_nano.a(libc_a-fwalk.o)
                              D:/Toolchain/arm-gnu-toolchain-14.3.rel1-mingw-w64-i686-arm-none-eabi/bin/../lib/gcc/arm-none-eabi/14.3.1/../../../../arm-none-eabi/lib/thumb/v7e-m+fp/hard\libc_nano.a(libc_a-findfp.o) (_fwalk_sglue)
D:/Toolchain/arm-gnu-toolchain-14.3.rel1-mingw-w64-i686-arm-none-eabi/bin/../lib/gcc/arm-none-eabi/14.3.1/../../../../arm-none-eabi/lib/thumb/v7e-m+fp/hard\libc_nano.a(libc_a-stdio.o)
                              D:/Toolchain/arm-gnu-toolchain-14.3.rel1-mingw-w64-i686-arm-none-eabi/bin/../lib/gcc/arm-none-eabi/14.3.1/../../../../arm-none-eabi/lib/thumb/v7e-m+fp/hard\libc_nano.a(libc_a-findfp.o) (__sread)
D:/Toolchain/arm-gnu-toolchain-14.3.rel1-mingw-w64-i686-arm-none-eabi/bin/../lib/gcc/arm-none-eabi/14.3.1/../../../../arm-none-eabi/lib/thumb/v7e-m+fp/hard\libc_nano.a(libc_a-memset.o)
                              D:/Toolchain/arm-gnu-toolchain-14.3.rel1-mingw-w64-i686-arm-none-eabi/bin/../lib/gcc/arm-none-eabi/14.3.1/../../../../arm-none-eabi/lib/thumb/v7e-m+fp/hard/crt0.o (memset)
D:/Toolchain/arm-gnu-toolchain-14.3.rel1-mingw-w64-i686-arm-none-eabi/bin/../lib/gcc/arm-none-eabi/14.3.1/../../../../arm-none-eabi/lib/thumb/v7e-m+fp/hard\libc_nano.a(libc_a-closer.o)
                              D:/Toolchain/arm-gnu-toolchain-14.3.rel1-mingw-w64-i686-arm-none-eabi/bin/../lib/gcc/arm-none-eabi/14.3.1/../../../../arm-none-eabi/lib/thumb/v7e-m+fp/hard\libc_nano.a(libc_a-stdio.o) (_close_r)
D:/Toolchain/arm-gnu-toolchain-14.3.rel1-mingw-w64-i686-arm-none-eabi/bin/../lib/gcc/arm-none-eabi/14.3.1/../../../../arm-none-eabi/lib/thumb/v7e-m+fp/hard\libc_nano.a(libc_a-reent.o)
                              D:/Toolchain/arm-gnu-toolchain-14.3.rel1-mingw-w64-i686-arm-none-eabi/bin/../lib/gcc/arm-none-eabi/14.3.1/../../../../arm-none-eabi/lib/thumb/v7e-m+fp/hard\libc_nano.a(libc_a-closer.o) (errno)
D:/Toolchain/arm-gnu-toolchain-14.3.rel1-mingw-w64-i686-arm-none-eabi/bin/../lib/gcc/arm-none-eabi/14.3.1/../../../../arm-none-eabi/lib/thumb/v7e-m+fp/hard\libc_nano.a(libc_a-impure.o)
                              D:/Toolchain/arm-gnu-toolchain-14.3.rel1-mingw-w64-i686-arm-none-eabi/bin/../lib/gcc/arm-none-eabi/14.3.1/../../../../arm-none-eabi/lib/thumb/v7e-m+fp/hard\libc_nano.a(libc_a-reent.o) (_impure_ptr)
D:/Toolchain/arm-gnu-toolchain-14.3.rel1-mingw-w64-i686-arm-none-eabi/bin/../lib/gcc/arm-none-eabi/14.3.1/../../../../arm-none-eabi/lib/thumb/v7e-m+fp/hard\libc_nano.a(libc_a-lseekr.o)
                              D:/Toolchain/arm-gnu-toolchain-14.3.rel1-mingw-w64-i686-arm-none-eabi/bin/../lib/gcc/arm-none-eabi/14.3.1/../../../../arm-none-eabi/lib/thumb/v7e-m+fp/hard\libc_nano.a(libc_a-stdio.o) (_lseek_r)
D:/Toolchain/arm-gnu-toolchain-14.3.rel1-mingw-w64-i686-arm-none-eabi/bin/../lib/gcc/arm-none-eabi/14.3.1/../../../../arm-none-eabi/lib/thumb/v7e-m+fp/hard\libc_nano.a(libc_a-readr.o)
                              D:/Toolchain/arm-gnu-toolchain-14.3.rel1-mingw-w64-i686-arm-none-eabi/bin/../lib/gcc/arm-none-eabi/14.3.1/../../../../arm-none-eabi/lib/thumb/v7e-m+fp/hard\libc_nano.a(libc_a-stdio.o) (_read_r)
D:/Toolchain/arm-gnu-toolchain-14.3.rel1-mingw-w64-i686-arm-none-eabi/bin/../lib/gcc/arm-none-eabi/14.3.1/../../../../arm-none-eabi/lib/thumb/v7e-m+fp/hard\libc_nano.a(libc_a-writer.o)
                              D:/Toolchain/arm-gnu-toolchain-14.3.rel1-mingw-w64-i686-arm-none-eabi/bin/../lib/gcc/arm-none-eabi/14.3.1/../../../../arm-none-eabi/lib/thumb/v7e-m+fp/hard\libc_nano.a(libc_a-stdio.o) (_write_r)
D:/Toolchain/arm-gnu-toolchain-14.3.rel1-mingw-w64-i686-arm-none-eabi/bin/../lib/gcc/arm-none-eabi/14.3.1/../../../../arm-none-eabi/lib/thumb/v7e-m+fp/hard\libc_nano.a(libc_a-init.o)
                              D:/Toolchain/arm-gnu-toolchain-14.3.rel1-mingw-w64-i686-arm-none-eabi/bin/../lib/gcc/arm-none-eabi/14.3.1/../../../../arm-none-eabi/lib/thumb/v7e-m+fp/hard/crt0.o (__libc_init_array)
[...]
Memory Configuration

Name             Origin             Length             Attributes
RAM              0x20000000         0x00020000         xrw
CCMRAM           0x10000000         0x00010000         xrw
FLASH            0x08000000         0x00100000         xr
*default*        0x00000000         0xffffffff

Linker script and memory map

LOAD D:/Toolchain/arm-gnu-toolchain-14.3.rel1-mingw-w64-i686-arm-none-eabi/bin/../lib/gcc/arm-none-eabi/14.3.1/thumb/v7e-m+fp/hard/crti.o
LOAD D:/Toolchain/arm-gnu-toolchain-14.3.rel1-mingw-w64-i686-arm-none-eabi/bin/../lib/gcc/arm-none-eabi/14.3.1/thumb/v7e-m+fp/hard/crtbegin.o
LOAD D:/Toolchain/arm-gnu-toolchain-14.3.rel1-mingw-w64-i686-arm-none-eabi/bin/../lib/gcc/arm-none-eabi/14.3.1/../../../../arm-none-eabi/lib/thumb/v7e-m+fp/hard/crt0.o
START GROUP
LOAD D:/Toolchain/arm-gnu-toolchain-14.3.rel1-mingw-w64-i686-arm-none-eabi/bin/../lib/gcc/arm-none-eabi/14.3.1/../../../../arm-none-eabi/lib/thumb/v7e-m+fp/hard\libc_nano.a
LOAD D:/Toolchain/arm-gnu-toolchain-14.3.rel1-mingw-w64-i686-arm-none-eabi/bin/../lib/gcc/arm-none-eabi/14.3.1/../../../../arm-none-eabi/lib/thumb/v7e-m+fp/hard\libm.a
END GROUP
LOAD CMakeFiles/can.dir/Src/main.c.obj
LOAD CMakeFiles/can.dir/Src/gpio.c.obj
LOAD CMakeFiles/can.dir/Src/can.c.obj
LOAD CMakeFiles/can.dir/Src/stm32f4xx_it.c.obj
LOAD CMakeFiles/can.dir/Src/stm32f4xx_hal_msp.c.obj
LOAD CMakeFiles/can.dir/application/CAN_receive.c.obj
LOAD CMakeFiles/can.dir/Drivers/STM32F4xx_HAL_Driver/Src/stm32f4xx_hal_can.c.obj
LOAD CMakeFiles/can.dir/Drivers/STM32F4xx_HAL_Driver/Src/stm32f4xx_hal_rcc.c.obj
LOAD CMakeFiles/can.dir/Drivers/STM32F4xx_HAL_Driver/Src/stm32f4xx_hal_rcc_ex.c.obj
LOAD CMakeFiles/can.dir/Drivers/STM32F4xx_HAL_Driver/Src/stm32f4xx_hal_flash.c.obj
LOAD CMakeFiles/can.dir/Drivers/STM32F4xx_HAL_Driver/Src/stm32f4xx_hal_flash_ex.c.obj
LOAD CMakeFiles/can.dir/Drivers/STM32F4xx_HAL_Driver/Src/stm32f4xx_hal_flash_ramfunc.c.obj
LOAD CMakeFiles/can.dir/Drivers/STM32F4xx_HAL_Driver/Src/stm32f4xx_hal_gpio.c.obj
LOAD CMakeFiles/can.dir/Drivers/STM32F4xx_HAL_Driver/Src/stm32f4xx_hal_dma_ex.c.obj
LOAD CMakeFiles/can.dir/Drivers/STM32F4xx_HAL_Driver/Src/stm32f4xx_hal_dma.c.obj
LOAD CMakeFiles/can.dir/Drivers/STM32F4xx_HAL_Driver/Src/stm32f4xx_hal_pwr.c.obj
LOAD CMakeFiles/can.dir/Drivers/STM32F4xx_HAL_Driver/Src/stm32f4xx_hal_pwr_ex.c.obj
LOAD CMakeFiles/can.dir/Drivers/STM32F4xx_HAL_Driver/Src/stm32f4xx_hal_cortex.c.obj
LOAD CMakeFiles/can.dir/Drivers/STM32F4xx_HAL_Driver/Src/stm32f4xx_hal.c.obj
LOAD CMakeFiles/can.dir/Drivers/STM32F4xx_HAL_Driver/Src/stm32f4xx_hal_exti.c.obj
LOAD CMakeFiles/can.dir/Src/system_stm32f4xx.c.obj
LOAD CMakeFiles/can.dir/Src/sysmem.c.obj
LOAD CMakeFiles/can.dir/Src/syscalls.c.obj
LOAD CMakeFiles/can.dir/startup_stm32f407xx.s.obj
START GROUP
LOAD D:/Toolchain/arm-gnu-toolchain-14.3.rel1-mingw-w64-i686-arm-none-eabi/bin/../lib/gcc/arm-none-eabi/14.3.1/thumb/v7e-m+fp/hard\libgcc.a
LOAD D:/Toolchain/arm-gnu-toolchain-14.3.rel1-mingw-w64-i686-arm-none-eabi/bin/../lib/gcc/arm-none-eabi/14.3.1/../../../../arm-none-eabi/lib/thumb/v7e-m+fp/hard\libg_nano.a
LOAD D:/Toolchain/arm-gnu-toolchain-14.3.rel1-mingw-w64-i686-arm-none-eabi/bin/../lib/gcc/arm-none-eabi/14.3.1/../../../../arm-none-eabi/lib/thumb/v7e-m+fp/hard\libc_nano.a
END GROUP
START GROUP
LOAD D:/Toolchain/arm-gnu-toolchain-14.3.rel1-mingw-w64-i686-arm-none-eabi/bin/../lib/gcc/arm-none-eabi/14.3.1/thumb/v7e-m+fp/hard\libgcc.a
LOAD D:/Toolchain/arm-gnu-toolchain-14.3.rel1-mingw-w64-i686-arm-none-eabi/bin/../lib/gcc/arm-none-eabi/14.3.1/../../../../arm-none-eabi/lib/thumb/v7e-m+fp/hard\libc_nano.a
END GROUP
LOAD D:/Toolchain/arm-gnu-toolchain-14.3.rel1-mingw-w64-i686-arm-none-eabi/bin/../lib/gcc/arm-none-eabi/14.3.1/thumb/v7e-m+fp/hard/crtend.o
LOAD D:/Toolchain/arm-gnu-toolchain-14.3.rel1-mingw-w64-i686-arm-none-eabi/bin/../lib/gcc/arm-none-eabi/14.3.1/thumb/v7e-m+fp/hard/crtn.o
                0x20020000                        _estack = (ORIGIN (RAM) + LENGTH (RAM))
                0x00000200                        _Min_Heap_Size = 0x200
                0x00000400                        _Min_Stack_Size = 0x400

.isr_vector     0x08000000      0x188
                0x08000000                        . = ALIGN (0x4)
 *(.isr_vector)
 .isr_vector    0x08000000      0x188 CMakeFiles/can.dir/startup_stm32f407xx.s.obj
                0x08000000                g_pfnVectors
                0x08000188                        . = ALIGN (0x4)

.text           0x08000188     0x256c
                0x08000188                        . = ALIGN (0x4)
 *(.text)
 .text          0x08000188       0x30 D:/Toolchain/arm-gnu-toolchain-14.3.rel1-mingw-w64-i686-arm-none-eabi/bin/../lib/gcc/arm-none-eabi/14.3.1/thumb/v7e-m+fp/hard\libgcc.a(_aeabi_uldivmod.o)
                0x08000188                __aeabi_uldivmod
 .text          0x080001b8        0x4 D:/Toolchain/arm-gnu-toolchain-14.3.rel1-mingw-w64-i686-arm-none-eabi/bin/../lib/gcc/arm-none-eabi/14.3.1/thumb/v7e-m+fp/hard\libgcc.a(_dvmd_tls.o)
                0x080001b8                __aeabi_idiv0
                0x080001b8                __aeabi_ldiv0
 *(.text*)
 .text.deregister_tm_clones
                0x080001bc       0x1c D:/Toolchain/arm-gnu-toolchain-14.3.rel1-mingw-w64-i686-arm-none-eabi/bin/../lib/gcc/arm-none-eabi/14.3.1/thumb/v7e-m+fp/hard/crtbegin.o
 .text.register_tm_clones
                0x080001d8       0x24 D:/Toolchain/arm-gnu-toolchain-14.3.rel1-mingw-w64-i686-arm-none-eabi/bin/../lib/gcc/arm-none-eabi/14.3.1/thumb/v7e-m+fp/hard/crtbegin.o
 .text.__do_global_dtors_aux
                0x080001fc       0x28 D:/Toolchain/arm-gnu-toolchain-14.3.rel1-mingw-w64-i686-arm-none-eabi/bin/../lib/gcc/arm-none-eabi/14.3.1/thumb/v7e-m+fp/hard/crtbegin.o
 .text.frame_dummy
                0x08000224       0x24 D:/Toolchain/arm-gnu-toolchain-14.3.rel1-mingw-w64-i686-arm-none-eabi/bin/../lib/gcc/arm-none-eabi/14.3.1/thumb/v7e-m+fp/hard/crtbegin.o
 .text.memset   0x08000248       0x10 D:/Toolchain/arm-gnu-toolchain-14.3.rel1-mingw-w64-i686-arm-none-eabi/bin/../lib/gcc/arm-none-eabi/14.3.1/../../../../arm-none-eabi/lib/thumb/v7e-m+fp/hard\libc_nano.a(libc_a-memset.o)
                0x08000248                memset
 .text.__libc_init_array
                0x08000258       0x48 D:/Toolchain/arm-gnu-toolchain-14.3.rel1-mingw-w64-i686-arm-none-eabi/bin/../lib/gcc/arm-none-eabi/14.3.1/../../../../arm-none-eabi/lib/thumb/v7e-m+fp/hard\libc_nano.a(libc_a-init.o)
                0x08000258                __libc_init_array
 .text.main     0x080002a0      0x1d0 CMakeFiles/can.dir/Src/main.c.obj
                0x080002a0                main
 .text.SystemClock_Config
                0x08000470       0xd4 CMakeFiles/can.dir/Src/main.c.obj
                0x08000470                SystemClock_Config
 .text.Error_Handler
                0x08000544        0xc CMakeFiles/can.dir/Src/main.c.obj
                0x08000544                Error_Handler
 .text.MX_GPIO_Init
                0x08000550       0x88 CMakeFiles/can.dir/Src/gpio.c.obj
                0x08000550                MX_GPIO_Init
 .text.MX_CAN1_Init
                0x080005d8       0x6c CMakeFiles/can.dir/Src/can.c.obj
                0x080005d8                MX_CAN1_Init
 .text.MX_CAN2_Init
                0x08000644       0x6c CMakeFiles/can.dir/Src/can.c.obj
                0x08000644                MX_CAN2_Init
 .text.HAL_CAN_MspInit
                0x080006b0      0x160 CMakeFiles/can.dir/Src/can.c.obj
                0x080006b0                HAL_CAN_MspInit
 .text.NMI_Handler
                0x08000810        0x8 CMakeFiles/can.dir/Src/stm32f4xx_it.c.obj
                0x08000810                NMI_Handler
 .text.HardFault_Handler
                0x08000818        0x8 CMakeFiles/can.dir/Src/stm32f4xx_it.c.obj
                0x08000818                HardFault_Handler
 .text.MemManage_Handler
                0x08000820        0x8 CMakeFiles/can.dir/Src/stm32f4xx_it.c.obj
                0x08000820                MemManage_Handler
 .text.BusFault_Handler
                0x08000828        0x8 CMakeFiles/can.dir/Src/stm32f4xx_it.c.obj
                0x08000828                BusFault_Handler
 .text.UsageFault_Handler
                0x08000830        0x8 CMakeFiles/can.dir/Src/stm32f4xx_it.c.obj
                0x08000830                UsageFault_Handler
 .text.SVC_Handler
                0x08000838        0xe CMakeFiles/can.dir/Src/stm32f4xx_it.c.obj
                0x08000838                SVC_Handler
 .text.DebugMon_Handler
                0x08000846        0xe CMakeFiles/can.dir/Src/stm32f4xx_it.c.obj
                0x08000846                DebugMon_Handler
 .text.PendSV_Handler
                0x08000854        0xe CMakeFiles/can.dir/Src/stm32f4xx_it.c.obj
                0x08000854                PendSV_Handler
 .text.SysTick_Handler
                0x08000862        0xc CMakeFiles/can.dir/Src/stm32f4xx_it.c.obj
                0x08000862                SysTick_Handler
 *fill*         0x0800086e        0x2 
 .text.CAN1_RX0_IRQHandler
                0x08000870       0x14 CMakeFiles/can.dir/Src/stm32f4xx_it.c.obj
                0x08000870                CAN1_RX0_IRQHandler
 .text.CAN2_RX0_IRQHandler
                0x08000884       0x14 CMakeFiles/can.dir/Src/stm32f4xx_it.c.obj
                0x08000884                CAN2_RX0_IRQHandler
 .text.HAL_MspInit
                0x08000898       0x50 CMakeFiles/can.dir/Src/stm32f4xx_hal_msp.c.obj
                0x08000898                HAL_MspInit
 .text.HAL_CAN_RxFifo0MsgPendingCallback
                0x080008e8      0x100 CMakeFiles/can.dir/application/CAN_receive.c.obj
                0x080008e8                HAL_CAN_RxFifo0MsgPendingCallback
 .text.CAN_cmd_gimbal
                0x080009e8       0xb4 CMakeFiles/can.dir/application/CAN_receive.c.obj
                0x080009e8                CAN_cmd_gimbal
 .text.get_yaw_gimbal_motor_measure_point
                0x08000a9c       0x14 CMakeFiles/can.dir/application/CAN_receive.c.obj
                0x08000a9c                get_yaw_gimbal_motor_measure_point
 .text.HAL_CAN_Init
                0x08000ab0      0x1f6 CMakeFiles/can.dir/Drivers/STM32F4xx_HAL_Driver/Src/stm32f4xx_hal_can.c.obj
                0x08000ab0                HAL_CAN_Init
 .text.HAL_CAN_AddTxMessage
                0x08000ca6      0x1a0 CMakeFiles/can.dir/Drivers/STM32F4xx_HAL_Driver/Src/stm32f4xx_hal_can.c.obj
                0x08000ca6                HAL_CAN_AddTxMessage
 .text.HAL_CAN_GetRxMessage
                0x08000e46      0x244 CMakeFiles/can.dir/Drivers/STM32F4xx_HAL_Driver/Src/stm32f4xx_hal_can.c.obj
                0x08000e46                HAL_CAN_GetRxMessage
 .text.HAL_CAN_IRQHandler
                0x0800108a      0x36e CMakeFiles/can.dir/Drivers/STM32F4xx_HAL_Driver/Src/stm32f4xx_hal_can.c.obj
                0x0800108a                HAL_CAN_IRQHandler
 .text.HAL_CAN_TxMailbox0CompleteCallback
                0x080013f8       0x14 CMakeFiles/can.dir/Drivers/STM32F4xx_HAL_Driver/Src/stm32f4xx_hal_can.c.obj
                0x080013f8                HAL_CAN_TxMailbox0CompleteCallback
 .text.HAL_CAN_TxMailbox1CompleteCallback
                0x0800140c       0x14 CMakeFiles/can.dir/Drivers/STM32F4xx_HAL_Driver/Src/stm32f4xx_hal_can.c.obj
                0x0800140c                HAL_CAN_TxMailbox1CompleteCallback
 .text.HAL_CAN_TxMailbox2CompleteCallback
                0x08001420       0x14 CMakeFiles/can.dir/Drivers/STM32F4xx_HAL_Driver/Src/stm32f4xx_hal_can.c.obj
                0x08001420                HAL_CAN_TxMailbox2CompleteCallback
 .text.HAL_CAN_TxMailbox0AbortCallback
                0x08001434       0x14 CMakeFiles/can.dir/Drivers/STM32F4xx_HAL_Driver/Src/stm32f4xx_hal_can.c.obj
                0x08001434                HAL_CAN_TxMailbox0AbortCallback
 .text.HAL_CAN_TxMailbox1AbortCallback
                0x08001448       0x14 CMakeFiles/can.dir/Drivers/STM32F4xx_HAL_Driver/Src/stm32f4xx_hal_can.c.obj
                0x08001448                HAL_CAN_TxMailbox1AbortCallback
 .text.HAL_CAN_TxMailbox2AbortCallback
                0x0800145c       0x14 CMakeFiles/can.dir/Drivers/STM32F4xx_HAL_Driver/Src/stm32f4xx_hal_can.c.obj
                0x0800145c                HAL_CAN_TxMailbox2AbortCallback
 .text.HAL_CAN_RxFifo0FullCallback
                0x08001470       0x14 CMakeFiles/can.dir/Drivers/STM32F4xx_HAL_Driver/Src/stm32f4xx_hal_can.c.obj
                0x08001470                HAL_CAN_RxFifo0FullCallback
 .text.HAL_CAN_RxFifo1MsgPendingCallback
                0x08001484       0x14 CMakeFiles/can.dir/Drivers/STM32F4xx_HAL_Driver/Src/stm32f4xx_hal_can.c.obj
                0x08001484                HAL_CAN_RxFifo1MsgPendingCallback
 .text.HAL_CAN_RxFifo1FullCallback
                0x08001498       0x14 CMakeFiles/can.dir/Drivers/STM32F4xx_HAL_Driver/Src/stm32f4xx_hal_can.c.obj
                0x08001498                HAL_CAN_RxFifo1FullCallback
 .text.HAL_CAN_SleepCallback
                0x080014ac       0x14 CMakeFiles/can.dir/Drivers/STM32F4xx_HAL_Driver/Src/stm32f4xx_hal_can.c.obj
                0x080014ac                HAL_CAN_SleepCallback
 .text.HAL_CAN_WakeUpFromRxMsgCallback
                0x080014c0       0x14 CMakeFiles/can.dir/Drivers/STM32F4xx_HAL_Driver/Src/stm32f4xx_hal_can.c.obj
                0x080014c0                HAL_CAN_WakeUpFromRxMsgCallback
 .text.HAL_CAN_ErrorCallback
                0x080014d4       0x14 CMakeFiles/can.dir/Drivers/STM32F4xx_HAL_Driver/Src/stm32f4xx_hal_can.c.obj
                0x080014d4                HAL_CAN_ErrorCallback
 .text.HAL_RCC_OscConfig
                0x080014e8      0x4f0 CMakeFiles/can.dir/Drivers/STM32F4xx_HAL_Driver/Src/stm32f4xx_hal_rcc.c.obj
                0x080014e8                HAL_RCC_OscConfig
 .text.HAL_RCC_ClockConfig
                0x080019d8      0x1cc CMakeFiles/can.dir/Drivers/STM32F4xx_HAL_Driver/Src/stm32f4xx_hal_rcc.c.obj
                0x080019d8                HAL_RCC_ClockConfig
 .text.HAL_RCC_GetSysClockFreq
                0x08001ba4      0x188 CMakeFiles/can.dir/Drivers/STM32F4xx_HAL_Driver/Src/stm32f4xx_hal_rcc.c.obj
                0x08001ba4                HAL_RCC_GetSysClockFreq
 .text.HAL_GPIO_Init
                0x08001d2c      0x338 CMakeFiles/can.dir/Drivers/STM32F4xx_HAL_Driver/Src/stm32f4xx_hal_gpio.c.obj
                0x08001d2c                HAL_GPIO_Init
 .text.__NVIC_SetPriorityGrouping
                0x08002064       0x48 CMakeFiles/can.dir/Drivers/STM32F4xx_HAL_Driver/Src/stm32f4xx_hal_cortex.c.obj
 .text.__NVIC_GetPriorityGrouping
                0x080020ac       0x1c CMakeFiles/can.dir/Drivers/STM32F4xx_HAL_Driver/Src/stm32f4xx_hal_cortex.c.obj
 .text.__NVIC_EnableIRQ
                0x080020c8       0x3c CMakeFiles/can.dir/Drivers/STM32F4xx_HAL_Driver/Src/stm32f4xx_hal_cortex.c.obj
 .text.__NVIC_SetPriority
                0x08002104       0x54 CMakeFiles/can.dir/Drivers/STM32F4xx_HAL_Driver/Src/stm32f4xx_hal_cortex.c.obj
 .text.NVIC_EncodePriority
                0x08002158       0x66 CMakeFiles/can.dir/Drivers/STM32F4xx_HAL_Driver/Src/stm32f4xx_hal_cortex.c.obj
 *fill*         0x080021be        0x2 
 .text.SysTick_Config
                0x080021c0       0x44 CMakeFiles/can.dir/Drivers/STM32F4xx_HAL_Driver/Src/stm32f4xx_hal_cortex.c.obj
 .text.HAL_NVIC_SetPriorityGrouping
                0x08002204       0x16 CMakeFiles/can.dir/Drivers/STM32F4xx_HAL_Driver/Src/stm32f4xx_hal_cortex.c.obj
                0x08002204                HAL_NVIC_SetPriorityGrouping
 .text.HAL_NVIC_SetPriority
                0x0800221a       0x38 CMakeFiles/can.dir/Drivers/STM32F4xx_HAL_Driver/Src/stm32f4xx_hal_cortex.c.obj
                0x0800221a                HAL_NVIC_SetPriority
 .text.HAL_NVIC_EnableIRQ
                0x08002252       0x1c CMakeFiles/can.dir/Drivers/STM32F4xx_HAL_Driver/Src/stm32f4xx_hal_cortex.c.obj
                0x08002252                HAL_NVIC_EnableIRQ
 .text.HAL_SYSTICK_Config
                0x0800226e       0x18 CMakeFiles/can.dir/Drivers/STM32F4xx_HAL_Driver/Src/stm32f4xx_hal_cortex.c.obj
                0x0800226e                HAL_SYSTICK_Config
 *fill*         0x08002286        0x2 
 .text.HAL_Init
                0x08002288       0x44 CMakeFiles/can.dir/Drivers/STM32F4xx_HAL_Driver/Src/stm32f4xx_hal.c.obj
                0x08002288                HAL_Init
 .text.HAL_InitTick
                0x080022cc       0x60 CMakeFiles/can.dir/Drivers/STM32F4xx_HAL_Driver/Src/stm32f4xx_hal.c.obj
                0x080022cc                HAL_InitTick
 .text.HAL_IncTick
                0x0800232c       0x28 CMakeFiles/can.dir/Drivers/STM32F4xx_HAL_Driver/Src/stm32f4xx_hal.c.obj
                0x0800232c                HAL_IncTick
 .text.HAL_GetTick
                0x08002354       0x18 CMakeFiles/can.dir/Drivers/STM32F4xx_HAL_Driver/Src/stm32f4xx_hal.c.obj
                0x08002354                HAL_GetTick
 .text.SystemInit
                0x0800236c       0x24 CMakeFiles/can.dir/Src/system_stm32f4xx.c.obj
                0x0800236c                SystemInit
 .text.Reset_Handler
                0x08002390       0x50 CMakeFiles/can.dir/startup_stm32f407xx.s.obj
                0x08002390                Reset_Handler
 .text.Default_Handler
                0x080023e0        0x2 CMakeFiles/can.dir/startup_stm32f407xx.s.obj
                0x080023e0                RTC_Alarm_IRQHandler
                0x080023e0                HASH_RNG_IRQHandler
                0x080023e0                EXTI2_IRQHandler
                0x080023e0                TIM8_CC_IRQHandler
                0x080023e0                TIM1_CC_IRQHandler
                0x080023e0                DMA2_Stream5_IRQHandler
                0x080023e0                DMA1_Stream5_IRQHandler
                0x080023e0                PVD_IRQHandler
                0x080023e0                SDIO_IRQHandler
                0x080023e0                TAMP_STAMP_IRQHandler
                0x080023e0                CAN2_RX1_IRQHandler
                0x080023e0                EXTI3_IRQHandler
                0x080023e0                TIM8_TRG_COM_TIM14_IRQHandler
                0x080023e0                TIM1_UP_TIM10_IRQHandler
                0x080023e0                TIM8_UP_TIM13_IRQHandler
                0x080023e0                I2C3_ER_IRQHandler
                0x080023e0                EXTI0_IRQHandler
                0x080023e0                I2C2_EV_IRQHandler
                0x080023e0                DMA1_Stream2_IRQHandler
                0x080023e0                FPU_IRQHandler
                0x080023e0                OTG_HS_WKUP_IRQHandler
                0x080023e0                CAN2_SCE_IRQHandler
                0x080023e0                DMA2_Stream2_IRQHandler
                0x080023e0                SPI1_IRQHandler
                0x080023e0                TIM6_DAC_IRQHandler
                0x080023e0                TIM1_BRK_TIM9_IRQHandler
                0x080023e0                DCMI_IRQHandler
                0x080023e0                DMA2_Stream3_IRQHandler
                0x080023e0                USART6_IRQHandler
                0x080023e0                USART3_IRQHandler
                0x080023e0                CAN1_RX1_IRQHandler
                0x080023e0                UART5_IRQHandler
                0x080023e0                DMA2_Stream0_IRQHandler
                0x080023e0                TIM4_IRQHandler
                0x080023e0                I2C1_EV_IRQHandler
                0x080023e0                DMA1_Stream6_IRQHandler
                0x080023e0                DMA1_Stream1_IRQHandler
                0x080023e0                UART4_IRQHandler
                0x080023e0                TIM3_IRQHandler
                0x080023e0                RCC_IRQHandler
                0x080023e0                TIM8_BRK_TIM12_IRQHandler
                0x080023e0                Default_Handler
                0x080023e0                EXTI15_10_IRQHandler
                0x080023e0                ADC_IRQHandler
                0x080023e0                DMA1_Stream7_IRQHandler
                0x080023e0                TIM7_IRQHandler
                0x080023e0                CAN2_TX_IRQHandler
                0x080023e0                TIM5_IRQHandler
                0x080023e0                DMA2_Stream7_IRQHandler
                0x080023e0                I2C3_EV_IRQHandler
                0x080023e0                EXTI9_5_IRQHandler
                0x080023e0                RTC_WKUP_IRQHandler
                0x080023e0                ETH_WKUP_IRQHandler
                0x080023e0                SPI2_IRQHandler
                0x080023e0                OTG_HS_EP1_IN_IRQHandler
                0x080023e0                DMA1_Stream0_IRQHandler
                0x080023e0                CAN1_TX_IRQHandler
                0x080023e0                EXTI4_IRQHandler
                0x080023e0                FSMC_IRQHandler
                0x080023e0                ETH_IRQHandler
                0x080023e0                OTG_HS_EP1_OUT_IRQHandler
                0x080023e0                WWDG_IRQHandler
                0x080023e0                TIM2_IRQHandler
                0x080023e0                OTG_FS_WKUP_IRQHandler
                0x080023e0                TIM1_TRG_COM_TIM11_IRQHandler
                0x080023e0                OTG_HS_IRQHandler
                0x080023e0                EXTI1_IRQHandler
                0x080023e0                USART2_IRQHandler
                0x080023e0                I2C2_ER_IRQHandler
                0x080023e0                DMA2_Stream1_IRQHandler
                0x080023e0                CAN1_SCE_IRQHandler
                0x080023e0                FLASH_IRQHandler
                0x080023e0                DMA2_Stream4_IRQHandler
                0x080023e0                USART1_IRQHandler
                0x080023e0                OTG_FS_IRQHandler
                0x080023e0                SPI3_IRQHandler
                0x080023e0                DMA1_Stream4_IRQHandler
                0x080023e0                I2C1_ER_IRQHandler
                0x080023e0                DMA2_Stream6_IRQHandler
                0x080023e0                DMA1_Stream3_IRQHandler
 *fill*         0x080023e2        0x2 
 .text.__udivmoddi4
                0x080023e4      0x2f8 D:/Toolchain/arm-gnu-toolchain-14.3.rel1-mingw-w64-i686-arm-none-eabi/bin/../lib/gcc/arm-none-eabi/14.3.1/thumb/v7e-m+fp/hard\libgcc.a(_udivmoddi4.o)
                0x080023e4                __udivmoddi4
 *(.glue_7)
 .glue_7        0x080026dc        0x0 linker stubs
 *(.glue_7t)
 .glue_7t       0x080026dc        0x0 linker stubs
 *(.eh_frame)
 .eh_frame      0x080026dc        0x0 D:/Toolchain/arm-gnu-toolchain-14.3.rel1-mingw-w64-i686-arm-none-eabi/bin/../lib/gcc/arm-none-eabi/14.3.1/thumb/v7e-m+fp/hard/crtbegin.o
 *(.init)
 .init          0x080026dc        0x4 D:/Toolchain/arm-gnu-toolchain-14.3.rel1-mingw-w64-i686-arm-none-eabi/bin/../lib/gcc/arm-none-eabi/14.3.1/thumb/v7e-m+fp/hard/crti.o
                0x080026dc                _init
 .init          0x080026e0        0x8 D:/Toolchain/arm-gnu-toolchain-14.3.rel1-mingw-w64-i686-arm-none-eabi/bin/../lib/gcc/arm-none-eabi/14.3.1/thumb/v7e-m+fp/hard/crtn.o
 *(.fini)
 .fini          0x080026e8        0x4 D:/Toolchain/arm-gnu-toolchain-14.3.rel1-mingw-w64-i686-arm-none-eabi/bin/../lib/gcc/arm-none-eabi/14.3.1/thumb/v7e-m+fp/hard/crti.o
                0x080026e8                _fini
 .fini          0x080026ec        0x8 D:/Toolchain/arm-gnu-toolchain-14.3.rel1-mingw-w64-i686-arm-none-eabi/bin/../lib/gcc/arm-none-eabi/14.3.1/thumb/v7e-m+fp/hard/crtn.o
                0x080026f4                        . = ALIGN (0x4)
                0x080026f4                        _etext = .

.vfp11_veneer   0x080026f4        0x0
 .vfp11_veneer  0x080026f4        0x0 linker stubs

.v4_bx          0x080026f4        0x0
 .v4_bx         0x080026f4        0x0 linker stubs

.iplt           0x080026f4        0x0
 .iplt          0x080026f4        0x0 D:/Toolchain/arm-gnu-toolchain-14.3.rel1-mingw-w64-i686-arm-none-eabi/bin/../lib/gcc/arm-none-eabi/14.3.1/thumb/v7e-m+fp/hard/crtbegin.o

.rodata         0x080026f4       0x10
                0x080026f4                        . = ALIGN (0x4)
 *(.rodata)
 *(.rodata*)
 .rodata.AHBPrescTable
                0x080026f4       0x10 CMakeFiles/can.dir/Src/system_stm32f4xx.c.obj
                0x080026f4                AHBPrescTable
                0x08002704                        . = ALIGN (0x4)

.ARM.extab
 *(.ARM.extab* .gnu.linkonce.armextab.*)

.ARM            0x08002704        0x8
                0x08002704                        __exidx_start = .
 *(.ARM.exidx*)
 .ARM.exidx.text.__udivmoddi4
                0x08002704        0x8 D:/Toolchain/arm-gnu-toolchain-14.3.rel1-mingw-w64-i686-arm-none-eabi/bin/../lib/gcc/arm-none-eabi/14.3.1/thumb/v7e-m+fp/hard\libgcc.a(_udivmoddi4.o)
                0x0800270c                        __exidx_end = .

.rel.dyn        0x0800270c        0x0
 .rel.iplt      0x0800270c        0x0 D:/Toolchain/arm-gnu-toolchain-14.3.rel1-mingw-w64-i686-arm-none-eabi/bin/../lib/gcc/arm-none-eabi/14.3.1/thumb/v7e-m+fp/hard/crtbegin.o

.preinit_array  0x0800270c        0x0
                0x0800270c                        PROVIDE (__preinit_array_start = .)
 *(.preinit_array*)
                0x0800270c                        PROVIDE (__preinit_array_end = .)

.init_array     0x0800270c        0x4
                0x0800270c                        PROVIDE (__init_array_start = .)
 *(SORT_BY_NAME(.init_array.*))
 *(.init_array*)
 .init_array    0x0800270c        0x4 D:/Toolchain/arm-gnu-toolchain-14.3.rel1-mingw-w64-i686-arm-none-eabi/bin/../lib/gcc/arm-none-eabi/14.3.1/thumb/v7e-m+fp/hard/crtbegin.o
                0x08002710                        PROVIDE (__init_array_end = .)

.fini_array     0x08002710        0x4
                [!provide]                        PROVIDE (__fini_array_start = .)
 *(SORT_BY_NAME(.fini_array.*))
 *(.fini_array*)
 .fini_array    0x08002710        0x4 D:/Toolchain/arm-gnu-toolchain-14.3.rel1-mingw-w64-i686-arm-none-eabi/bin/../lib/gcc/arm-none-eabi/14.3.1/thumb/v7e-m+fp/hard/crtbegin.o
                [!provide]                        PROVIDE (__fini_array_end = .)
                0x08002714                        _sidata = LOADADDR (.data)

.data           0x20000000       0x18 load address 0x08002714
                0x20000000                        . = ALIGN (0x4)
                0x20000000                        _sdata = .
 *(.data)
 *(.data*)
 .data.kp       0x20000000        0x4 CMakeFiles/can.dir/Src/main.c.obj
                0x20000000                kp
 .data.ki       0x20000004        0x4 CMakeFiles/can.dir/Src/main.c.obj
                0x20000004                ki
 .data.kd       0x20000008        0x4 CMakeFiles/can.dir/Src/main.c.obj
                0x20000008                kd
 .data.uwTickPrio
                0x2000000c        0x4 CMakeFiles/can.dir/Drivers/STM32F4xx_HAL_Driver/Src/stm32f4xx_hal.c.obj
                0x2000000c                uwTickPrio
 .data.uwTickFreq
                0x20000010        0x1 CMakeFiles/can.dir/Drivers/STM32F4xx_HAL_Driver/Src/stm32f4xx_hal.c.obj
                0x20000010                uwTickFreq
 *fill*         0x20000011        0x3 
 .data.SystemCoreClock
                0x20000014        0x4 CMakeFiles/can.dir/Src/system_stm32f4xx.c.obj
                0x20000014                SystemCoreClock
                0x20000018                        . = ALIGN (0x4)
                0x20000018                        _edata = .
                0x0800272c                        _siccmram = LOADADDR (.ccmram)

.tm_clone_table
                0x20000018        0x0 load address 0x0800272c
 .tm_clone_table
                0x20000018        0x0 D:/Toolchain/arm-gnu-toolchain-14.3.rel1-mingw-w64-i686-arm-none-eabi/bin/../lib/gcc/arm-none-eabi/14.3.1/thumb/v7e-m+fp/hard/crtbegin.o
 .tm_clone_table
                0x20000018        0x0 D:/Toolchain/arm-gnu-toolchain-14.3.rel1-mingw-w64-i686-arm-none-eabi/bin/../lib/gcc/arm-none-eabi/14.3.1/thumb/v7e-m+fp/hard/crtend.o

.igot.plt       0x20000018        0x0 load address 0x0800272c
 .igot.plt      0x20000018        0x0 D:/Toolchain/arm-gnu-toolchain-14.3.rel1-mingw-w64-i686-arm-none-eabi/bin/../lib/gcc/arm-none-eabi/14.3.1/thumb/v7e-m+fp/hard/crtbegin.o

.ccmram         0x10000000        0x0 load address 0x0800272c
                0x10000000                        . = ALIGN (0x4)
                0x10000000                        _sccmram = .
 *(.ccmram)
 *(.ccmram*)
                0x10000000                        . = ALIGN (0x4)
                0x10000000                        _eccmram = .
                0x10000000                        . = ALIGN (0x4)

.bss            0x20000018       0xf0
                0x20000018                        _sbss = .
                0x20000018                        __bss_start__ = _sbss
 *(.bss)
 *(.bss*)
 .bss.completed.1
                0x20000018        0x1 D:/Toolchain/arm-gnu-toolchain-14.3.rel1-mingw-w64-i686-arm-none-eabi/bin/../lib/gcc/arm-none-eabi/14.3.1/thumb/v7e-m+fp/hard/crtbegin.o
 *fill*         0x20000019        0x3 
 .bss.object.0  0x2000001c       0x18 D:/Toolchain/arm-gnu-toolchain-14.3.rel1-mingw-w64-i686-arm-none-eabi/bin/../lib/gcc/arm-none-eabi/14.3.1/thumb/v7e-m+fp/hard/crtbegin.o
 .bss.current_ecd
                0x20000034        0x2 CMakeFiles/can.dir/Src/main.c.obj
                0x20000034                current_ecd
 .bss.target_ecd
                0x20000036        0x2 CMakeFiles/can.dir/Src/main.c.obj
                0x20000036                target_ecd
 .bss.error_sum
                0x20000038        0x2 CMakeFiles/can.dir/Src/main.c.obj
                0x20000038                error_sum
 .bss.last_error
                0x2000003a        0x2 CMakeFiles/can.dir/Src/main.c.obj
                0x2000003a                last_error
 .bss.target_angle
                0x2000003c        0x4 CMakeFiles/can.dir/Src/main.c.obj
                0x2000003c                target_angle
 .bss.debug_angle_deg
                0x20000040        0x4 CMakeFiles/can.dir/Src/main.c.obj
                0x20000040                debug_angle_deg
 .bss.hcan1     0x20000044       0x28 CMakeFiles/can.dir/Src/can.c.obj
                0x20000044                hcan1
 .bss.hcan2     0x2000006c       0x28 CMakeFiles/can.dir/Src/can.c.obj
                0x2000006c                hcan2
 .bss.HAL_RCC_CAN1_CLK_ENABLED
                0x20000094        0x4 CMakeFiles/can.dir/Src/can.c.obj
 .bss.motor_chassis
                0x20000098       0x46 CMakeFiles/can.dir/application/CAN_receive.c.obj
 *fill*         0x200000de        0x2 
 .bss.gimbal_tx_message
                0x200000e0       0x18 CMakeFiles/can.dir/application/CAN_receive.c.obj
 .bss.gimbal_can_send_data
                0x200000f8        0x8 CMakeFiles/can.dir/application/CAN_receive.c.obj
 .bss.i.0       0x20000100        0x1 CMakeFiles/can.dir/application/CAN_receive.c.obj
 *fill*         0x20000101        0x3 
 .bss.uwTick    0x20000104        0x4 CMakeFiles/can.dir/Drivers/STM32F4xx_HAL_Driver/Src/stm32f4xx_hal.c.obj
                0x20000104                uwTick
 *(COMMON)
                0x20000108                        . = ALIGN (0x4)
                0x20000108                        _ebss = .
                0x20000108                        __bss_end__ = _ebss

._user_heap_stack
                0x20000108      0x600
                0x20000108                        . = ALIGN (0x8)
                [!provide]                        PROVIDE (end = .)
                0x20000108                        PROVIDE (_end = .)
                0x20000308                        . = (. + _Min_Heap_Size)
 *fill*         0x20000108      0x200 
                0x20000708                        . = (. + _Min_Stack_Size)
 *fill*         0x20000308      0x400 
                0x20000708                        . = ALIGN (0x8)

/DISCARD/
 libc.a(*)
 libm.a(*)
 libgcc.a(*)
OUTPUT(can.elf elf32-littlearm)
LOAD linker stubs
LOAD D:/Toolchain/arm-gnu-toolchain-14.3.rel1-mingw-w64-i686-arm-none-eabi/bin/../lib/gcc/arm-none-eabi/14.3.1/../../../../arm-none-eabi/lib/thumb/v7e-m+fp/hard\libc.a
LOAD D:/Toolchain/arm-gnu-toolchain-14.3.rel1-mingw-w64-i686-arm-none-eabi/bin/../lib/gcc/arm-none-eabi/14.3.1/../../../../arm-none-eabi/lib/thumb/v7e-m+fp/hard\libm.a
LOAD D:/Toolchain/arm-gnu-toolchain-14.3.rel1-mingw-w64-i686-arm-none-eabi/bin/../lib/gcc/arm-none-eabi/14.3.1/thumb/v7e-m+fp/hard\libgcc.a

.ARM.attributes
                0x00000000       0x30
 .ARM.attributes
                0x00000000       0x22 D:/Toolchain/arm-gnu-toolchain-14.3.rel1-mingw-w64-i686-arm-none-eabi/bin/../lib/gcc/arm-none-eabi/14.3.1/thumb/v7e-m+fp/hard/crti.o
 .ARM.attributes
                0x00000022       0x34 D:/Toolchain/arm-gnu-toolchain-14.3.rel1-mingw-w64-i686-arm-none-eabi/bin/../lib/gcc/arm-none-eabi/14.3.1/thumb/v7e-m+fp/hard/crtbegin.o
 .ARM.attributes
                0x00000056       0x34 D:/Toolchain/arm-gnu-toolchain-14.3.rel1-mingw-w64-i686-arm-none-eabi/bin/../lib/gcc/arm-none-eabi/14.3.1/../../../../arm-none-eabi/lib/thumb/v7e-m+fp/hard\libc_nano.a(libc_a-memset.o)
 .ARM.attributes
                0x0000008a       0x34 D:/Toolchain/arm-gnu-toolchain-14.3.rel1-mingw-w64-i686-arm-none-eabi/bin/../lib/gcc/arm-none-eabi/14.3.1/../../../../arm-none-eabi/lib/thumb/v7e-m+fp/hard\libc_nano.a(libc_a-init.o)
 .ARM.attributes
                0x000000be       0x34 CMakeFiles/can.dir/Src/main.c.obj
 .ARM.attributes
                0x000000f2       0x34 CMakeFiles/can.dir/Src/gpio.c.obj
 .ARM.attributes
                0x00000126       0x34 CMakeFiles/can.dir/Src/can.c.obj
 .ARM.attributes
                0x0000015a       0x34 CMakeFiles/can.dir/Src/stm32f4xx_it.c.obj
 .ARM.attributes
                0x0000018e       0x34 CMakeFiles/can.dir/Src/stm32f4xx_hal_msp.c.obj
 .ARM.attributes
                0x000001c2       0x34 CMakeFiles/can.dir/application/CAN_receive.c.obj
 .ARM.attributes
                0x000001f6       0x34 CMakeFiles/can.dir/Drivers/STM32F4xx_HAL_Driver/Src/stm32f4xx_hal_can.c.obj
 .ARM.attributes
                0x0000022a       0x34 CMakeFiles/can.dir/Drivers/STM32F4xx_HAL_Driver/Src/stm32f4xx_hal_rcc.c.obj
 .ARM.attributes
                0x0000025e       0x34 CMakeFiles/can.dir/Drivers/STM32F4xx_HAL_Driver/Src/stm32f4xx_hal_gpio.c.obj
 .ARM.attributes
                0x00000292       0x34 CMakeFiles/can.dir/Drivers/STM32F4xx_HAL_Driver/Src/stm32f4xx_hal_cortex.c.obj
 .ARM.attributes
                0x000002c6       0x34 CMakeFiles/can.dir/Drivers/STM32F4xx_HAL_Driver/Src/stm32f4xx_hal.c.obj
 .ARM.attributes
                0x000002fa       0x34 CMakeFiles/can.dir/Src/system_stm32f4xx.c.obj
 .ARM.attributes
                0x0000032e       0x21 CMakeFiles/can.dir/startup_stm32f407xx.s.obj
 .ARM.attributes
                0x0000034f       0x22 D:/Toolchain/arm-gnu-toolchain-14.3.rel1-mingw-w64-i686-arm-none-eabi/bin/../lib/gcc/arm-none-eabi/14.3.1/thumb/v7e-m+fp/hard\libgcc.a(_aeabi_uldivmod.o)
 .ARM.attributes
                0x00000371       0x34 D:/Toolchain/arm-gnu-toolchain-14.3.rel1-mingw-w64-i686-arm-none-eabi/bin/../lib/gcc/arm-none-eabi/14.3.1/thumb/v7e-m+fp/hard\libgcc.a(_udivmoddi4.o)
 .ARM.attributes
                0x000003a5       0x22 D:/Toolchain/arm-gnu-toolchain-14.3.rel1-mingw-w64-i686-arm-none-eabi/bin/../lib/gcc/arm-none-eabi/14.3.1/thumb/v7e-m+fp/hard\libgcc.a(_dvmd_tls.o)
 .ARM.attributes
                0x000003c7       0x34 D:/Toolchain/arm-gnu-toolchain-14.3.rel1-mingw-w64-i686-arm-none-eabi/bin/../lib/gcc/arm-none-eabi/14.3.1/thumb/v7e-m+fp/hard/crtend.o
 .ARM.attributes
                0x000003fb       0x22 D:/Toolchain/arm-gnu-toolchain-14.3.rel1-mingw-w64-i686-arm-none-eabi/bin/../lib/gcc/arm-none-eabi/14.3.1/thumb/v7e-m+fp/hard/crtn.o

.comment        0x00000000       0x46
 .comment       0x00000000       0x46 CMakeFiles/can.dir/Src/main.c.obj
                                 0x47 (size before relaxing)
 .comment       0x00000046       0x47 CMakeFiles/can.dir/Src/gpio.c.obj
 .comment       0x00000046       0x47 CMakeFiles/can.dir/Src/can.c.obj
 .comment       0x00000046       0x47 CMakeFiles/can.dir/Src/stm32f4xx_it.c.obj
 .comment       0x00000046       0x47 CMakeFiles/can.dir/Src/stm32f4xx_hal_msp.c.obj
 .comment       0x00000046       0x47 CMakeFiles/can.dir/application/CAN_receive.c.obj
 .comment       0x00000046       0x47 CMakeFiles/can.dir/Drivers/STM32F4xx_HAL_Driver/Src/stm32f4xx_hal_can.c.obj
 .comment       0x00000046       0x47 CMakeFiles/can.dir/Drivers/STM32F4xx_HAL_Driver/Src/stm32f4xx_hal_rcc.c.obj
 .comment       0x00000046       0x47 CMakeFiles/can.dir/Drivers/STM32F4xx_HAL_Driver/Src/stm32f4xx_hal_gpio.c.obj
 .comment       0x00000046       0x47 CMakeFiles/can.dir/Drivers/STM32F4xx_HAL_Driver/Src/stm32f4xx_hal_cortex.c.obj
 .comment       0x00000046       0x47 CMakeFiles/can.dir/Drivers/STM32F4xx_HAL_Driver/Src/stm32f4xx_hal.c.obj
 .comment       0x00000046       0x47 CMakeFiles/can.dir/Src/system_stm32f4xx.c.obj

.debug_frame    0x00000000     0x1638
 .debug_frame   0x00000000       0x20 D:/Toolchain/arm-gnu-toolchain-14.3.rel1-mingw-w64-i686-arm-none-eabi/bin/../lib/gcc/arm-none-eabi/14.3.1/../../../../arm-none-eabi/lib/thumb/v7e-m+fp/hard\libc_nano.a(libc_a-memset.o)
 .debug_frame   0x00000020       0x2c D:/Toolchain/arm-gnu-toolchain-14.3.rel1-mingw-w64-i686-arm-none-eabi/bin/../lib/gcc/arm-none-eabi/14.3.1/../../../../arm-none-eabi/lib/thumb/v7e-m+fp/hard\libc_nano.a(libc_a-init.o)
 .debug_frame   0x0000004c       0x6c CMakeFiles/can.dir/Src/main.c.obj
 .debug_frame   0x000000b8       0x38 CMakeFiles/can.dir/Src/gpio.c.obj
 .debug_frame   0x000000f0       0x90 CMakeFiles/can.dir/Src/can.c.obj
 .debug_frame   0x00000180      0x13c CMakeFiles/can.dir/Src/stm32f4xx_it.c.obj
 .debug_frame   0x000002bc       0x38 CMakeFiles/can.dir/Src/stm32f4xx_hal_msp.c.obj
 .debug_frame   0x000002f4      0x130 CMakeFiles/can.dir/application/CAN_receive.c.obj
 .debug_frame   0x00000424      0x5a0 CMakeFiles/can.dir/Drivers/STM32F4xx_HAL_Driver/Src/stm32f4xx_hal_can.c.obj
 .debug_frame   0x000009c4      0x1f4 CMakeFiles/can.dir/Drivers/STM32F4xx_HAL_Driver/Src/stm32f4xx_hal_rcc.c.obj
 .debug_frame   0x00000bb8      0x14c CMakeFiles/can.dir/Drivers/STM32F4xx_HAL_Driver/Src/stm32f4xx_hal_gpio.c.obj
 .debug_frame   0x00000d04      0x508 CMakeFiles/can.dir/Drivers/STM32F4xx_HAL_Driver/Src/stm32f4xx_hal_cortex.c.obj
 .debug_frame   0x0000120c      0x374 CMakeFiles/can.dir/Drivers/STM32F4xx_HAL_Driver/Src/stm32f4xx_hal.c.obj
 .debug_frame   0x00001580       0x58 CMakeFiles/can.dir/Src/system_stm32f4xx.c.obj
 .debug_frame   0x000015d8       0x2c D:/Toolchain/arm-gnu-toolchain-14.3.rel1-mingw-w64-i686-arm-none-eabi/bin/../lib/gcc/arm-none-eabi/14.3.1/thumb/v7e-m+fp/hard\libgcc.a(_aeabi_uldivmod.o)
 .debug_frame   0x00001604       0x34 D:/Toolchain/arm-gnu-toolchain-14.3.rel1-mingw-w64-i686-arm-none-eabi/bin/../lib/gcc/arm-none-eabi/14.3.1/thumb/v7e-m+fp/hard\libgcc.a(_udivmoddi4.o)

.debug_info     0x00000000     0x5f75
 .debug_info    0x00000000      0x65d CMakeFiles/can.dir/Src/main.c.obj
 .debug_info    0x0000065d      0x29f CMakeFiles/can.dir/Src/gpio.c.obj
 .debug_info    0x000008fc      0xb40 CMakeFiles/can.dir/Src/can.c.obj
 .debug_info    0x0000143c      0x520 CMakeFiles/can.dir/Src/stm32f4xx_it.c.obj
 .debug_info    0x0000195c      0x269 CMakeFiles/can.dir/Src/stm32f4xx_hal_msp.c.obj
 .debug_info    0x00001bc5      0x8cf CMakeFiles/can.dir/application/CAN_receive.c.obj
 .debug_info    0x00002494      0xf49 CMakeFiles/can.dir/Drivers/STM32F4xx_HAL_Driver/Src/stm32f4xx_hal_can.c.obj
 .debug_info    0x000033dd      0x8c3 CMakeFiles/can.dir/Drivers/STM32F4xx_HAL_Driver/Src/stm32f4xx_hal_rcc.c.obj
 .debug_info    0x00003ca0      0x6c3 CMakeFiles/can.dir/Drivers/STM32F4xx_HAL_Driver/Src/stm32f4xx_hal_gpio.c.obj
 .debug_info    0x00004363      0xd8c CMakeFiles/can.dir/Drivers/STM32F4xx_HAL_Driver/Src/stm32f4xx_hal_cortex.c.obj
 .debug_info    0x000050ef      0x944 CMakeFiles/can.dir/Drivers/STM32F4xx_HAL_Driver/Src/stm32f4xx_hal.c.obj
 .debug_info    0x00005a33      0x512 CMakeFiles/can.dir/Src/system_stm32f4xx.c.obj
 .debug_info    0x00005f45       0x30 CMakeFiles/can.dir/startup_stm32f407xx.s.obj

.debug_abbrev   0x00000000     0x16eb
 .debug_abbrev  0x00000000      0x21d CMakeFiles/can.dir/Src/main.c.obj
 .debug_abbrev  0x0000021d       0xd8 CMakeFiles/can.dir/Src/gpio.c.obj
 .debug_abbrev  0x000002f5      0x225 CMakeFiles/can.dir/Src/can.c.obj
 .debug_abbrev  0x0000051a      0x190 CMakeFiles/can.dir/Src/stm32f4xx_it.c.obj
 .debug_abbrev  0x000006aa       0xd8 CMakeFiles/can.dir/Src/stm32f4xx_hal_msp.c.obj
 .debug_abbrev  0x00000782      0x217 CMakeFiles/can.dir/application/CAN_receive.c.obj
 .debug_abbrev  0x00000999      0x258 CMakeFiles/can.dir/Drivers/STM32F4xx_HAL_Driver/Src/stm32f4xx_hal_can.c.obj
 .debug_abbrev  0x00000bf1      0x2b7 CMakeFiles/can.dir/Drivers/STM32F4xx_HAL_Driver/Src/stm32f4xx_hal_rcc.c.obj
 .debug_abbrev  0x00000ea8      0x1d4 CMakeFiles/can.dir/Drivers/STM32F4xx_HAL_Driver/Src/stm32f4xx_hal_gpio.c.obj
 .debug_abbrev  0x0000107c      0x31d CMakeFiles/can.dir/Drivers/STM32F4xx_HAL_Driver/Src/stm32f4xx_hal_cortex.c.obj
 .debug_abbrev  0x00001399      0x214 CMakeFiles/can.dir/Drivers/STM32F4xx_HAL_Driver/Src/stm32f4xx_hal.c.obj
 .debug_abbrev  0x000015ad      0x11a CMakeFiles/can.dir/Src/system_stm32f4xx.c.obj
 .debug_abbrev  0x000016c7       0x24 CMakeFiles/can.dir/startup_stm32f407xx.s.obj

.debug_aranges  0x00000000      0x5f8
 .debug_aranges
                0x00000000       0x30 CMakeFiles/can.dir/Src/main.c.obj
 .debug_aranges
                0x00000030       0x20 CMakeFiles/can.dir/Src/gpio.c.obj
 .debug_aranges
                0x00000050       0x38 CMakeFiles/can.dir/Src/can.c.obj
 .debug_aranges
                0x00000088       0x70 CMakeFiles/can.dir/Src/stm32f4xx_it.c.obj
 .debug_aranges
                0x000000f8       0x20 CMakeFiles/can.dir/Src/stm32f4xx_hal_msp.c.obj
 .debug_aranges
                0x00000118       0x58 CMakeFiles/can.dir/application/CAN_receive.c.obj
 .debug_aranges
                0x00000170      0x138 CMakeFiles/can.dir/Drivers/STM32F4xx_HAL_Driver/Src/stm32f4xx_hal_can.c.obj
 .debug_aranges
                0x000002a8       0x88 CMakeFiles/can.dir/Drivers/STM32F4xx_HAL_Driver/Src/stm32f4xx_hal_rcc.c.obj
 .debug_aranges
                0x00000330       0x58 CMakeFiles/can.dir/Drivers/STM32F4xx_HAL_Driver/Src/stm32f4xx_hal_gpio.c.obj
 .debug_aranges
                0x00000388      0x130 CMakeFiles/can.dir/Drivers/STM32F4xx_HAL_Driver/Src/stm32f4xx_hal_cortex.c.obj
 .debug_aranges
                0x000004b8       0xf0 CMakeFiles/can.dir/Drivers/STM32F4xx_HAL_Driver/Src/stm32f4xx_hal.c.obj
 .debug_aranges
                0x000005a8       0x28 CMakeFiles/can.dir/Src/system_stm32f4xx.c.obj
 .debug_aranges
                0x000005d0       0x28 CMakeFiles/can.dir/startup_stm32f407xx.s.obj

.debug_rnglists
                0x00000000      0x453
 .debug_rnglists
                0x00000000       0x21 CMakeFiles/can.dir/Src/main.c.obj
 .debug_rnglists
                0x00000021       0x14 CMakeFiles/can.dir/Src/gpio.c.obj
 .debug_rnglists
                0x00000035       0x27 CMakeFiles/can.dir/Src/can.c.obj
 .debug_rnglists
                0x0000005c       0x4f CMakeFiles/can.dir/Src/stm32f4xx_it.c.obj
 .debug_rnglists
                0x000000ab       0x13 CMakeFiles/can.dir/Src/stm32f4xx_hal_msp.c.obj
 .debug_rnglists
                0x000000be       0x40 CMakeFiles/can.dir/application/CAN_receive.c.obj
 .debug_rnglists
                0x000000fe       0xee CMakeFiles/can.dir/Drivers/STM32F4xx_HAL_Driver/Src/stm32f4xx_hal_can.c.obj
 .debug_rnglists
                0x000001ec       0x66 CMakeFiles/can.dir/Drivers/STM32F4xx_HAL_Driver/Src/stm32f4xx_hal_rcc.c.obj
 .debug_rnglists
                0x00000252       0x3f CMakeFiles/can.dir/Drivers/STM32F4xx_HAL_Driver/Src/stm32f4xx_hal_gpio.c.obj
 .debug_rnglists
                0x00000291       0xe0 CMakeFiles/can.dir/Drivers/STM32F4xx_HAL_Driver/Src/stm32f4xx_hal_cortex.c.obj
 .debug_rnglists
                0x00000371       0xaf CMakeFiles/can.dir/Drivers/STM32F4xx_HAL_Driver/Src/stm32f4xx_hal.c.obj
 .debug_rnglists
                0x00000420       0x1a CMakeFiles/can.dir/Src/system_stm32f4xx.c.obj
 .debug_rnglists
                0x0000043a       0x19 CMakeFiles/can.dir/startup_stm32f407xx.s.obj

.debug_macro    0x00000000    0x1f9ef
 .debug_macro   0x00000000      0x1f5 CMakeFiles/can.dir/Src/main.c.obj
 .debug_macro   0x000001f5      0xad8 CMakeFiles/can.dir/Src/main.c.obj
 .debug_macro   0x00000ccd      0x295 CMakeFiles/can.dir/Src/main.c.obj
 .debug_macro   0x00000f62       0x2e CMakeFiles/can.dir/Src/main.c.obj
 .debug_macro   0x00000f90       0x2f CMakeFiles/can.dir/Src/main.c.obj
 .debug_macro   0x00000fbf       0x22 CMakeFiles/can.dir/Src/main.c.obj
 .debug_macro   0x00000fe1       0x8e CMakeFiles/can.dir/Src/main.c.obj
 .debug_macro   0x0000106f       0x51 CMakeFiles/can.dir/Src/main.c.obj
 .debug_macro   0x000010c0      0x103 CMakeFiles/can.dir/Src/main.c.obj
 .debug_macro   0x000011c3       0x6a CMakeFiles/can.dir/Src/main.c.obj
 .debug_macro   0x0000122d      0x1df CMakeFiles/can.dir/Src/main.c.obj
 .debug_macro   0x0000140c       0x1c CMakeFiles/can.dir/Src/main.c.obj
 .debug_macro   0x00001428       0x22 CMakeFiles/can.dir/Src/main.c.obj
 .debug_macro   0x0000144a       0xfb CMakeFiles/can.dir/Src/main.c.obj
 .debug_macro   0x00001545     0x1011 CMakeFiles/can.dir/Src/main.c.obj
 .debug_macro   0x00002556      0x11f CMakeFiles/can.dir/Src/main.c.obj
 .debug_macro   0x00002675    0x15ea5 CMakeFiles/can.dir/Src/main.c.obj
 .debug_macro   0x0001851a       0x6d CMakeFiles/can.dir/Src/main.c.obj
 .debug_macro   0x00018587     0x3693 CMakeFiles/can.dir/Src/main.c.obj
 .debug_macro   0x0001bc1a      0x190 CMakeFiles/can.dir/Src/main.c.obj
 .debug_macro   0x0001bdaa       0x5c CMakeFiles/can.dir/Src/main.c.obj
 .debug_macro   0x0001be06      0x980 CMakeFiles/can.dir/Src/main.c.obj
 .debug_macro   0x0001c786      0x9e9 CMakeFiles/can.dir/Src/main.c.obj
 .debug_macro   0x0001d16f      0x115 CMakeFiles/can.dir/Src/main.c.obj
 .debug_macro   0x0001d284      0x13e CMakeFiles/can.dir/Src/main.c.obj
 .debug_macro   0x0001d3c2       0xa5 CMakeFiles/can.dir/Src/main.c.obj
 .debug_macro   0x0001d467      0x174 CMakeFiles/can.dir/Src/main.c.obj
 .debug_macro   0x0001d5db      0x287 CMakeFiles/can.dir/Src/main.c.obj
 .debug_macro   0x0001d862       0x5f CMakeFiles/can.dir/Src/main.c.obj
 .debug_macro   0x0001d8c1      0x236 CMakeFiles/can.dir/Src/main.c.obj
 .debug_macro   0x0001daf7      0x40f CMakeFiles/can.dir/Src/main.c.obj
 .debug_macro   0x0001df06      0x12c CMakeFiles/can.dir/Src/main.c.obj
 .debug_macro   0x0001e032      0x21e CMakeFiles/can.dir/Src/main.c.obj
 .debug_macro   0x0001e250       0x2e CMakeFiles/can.dir/Src/main.c.obj
 .debug_macro   0x0001e27e      0x127 CMakeFiles/can.dir/Src/main.c.obj
 .debug_macro   0x0001e3a5       0x7e CMakeFiles/can.dir/Src/main.c.obj
 .debug_macro   0x0001e423       0x89 CMakeFiles/can.dir/Src/main.c.obj
 .debug_macro   0x0001e4ac      0x12d CMakeFiles/can.dir/Src/main.c.obj
 .debug_macro   0x0001e5d9       0x10 CMakeFiles/can.dir/Src/main.c.obj
 .debug_macro   0x0001e5e9      0x1ce CMakeFiles/can.dir/Src/gpio.c.obj
 .debug_macro   0x0001e7b7      0x1ce CMakeFiles/can.dir/Src/can.c.obj
 .debug_macro   0x0001e985      0x1ce CMakeFiles/can.dir/Src/stm32f4xx_it.c.obj
 .debug_macro   0x0001eb53      0x1c4 CMakeFiles/can.dir/Src/stm32f4xx_hal_msp.c.obj
 .debug_macro   0x0001ed17      0x1e3 CMakeFiles/can.dir/application/CAN_receive.c.obj
 .debug_macro   0x0001eefa      0x1c9 CMakeFiles/can.dir/Drivers/STM32F4xx_HAL_Driver/Src/stm32f4xx_hal_can.c.obj
 .debug_macro   0x0001f0c3      0x1de CMakeFiles/can.dir/Drivers/STM32F4xx_HAL_Driver/Src/stm32f4xx_hal_rcc.c.obj
 .debug_macro   0x0001f2a1      0x1c0 CMakeFiles/can.dir/Drivers/STM32F4xx_HAL_Driver/Src/stm32f4xx_hal_gpio.c.obj
 .debug_macro   0x0001f461      0x1ba CMakeFiles/can.dir/Drivers/STM32F4xx_HAL_Driver/Src/stm32f4xx_hal_cortex.c.obj
 .debug_macro   0x0001f61b      0x21a CMakeFiles/can.dir/Drivers/STM32F4xx_HAL_Driver/Src/stm32f4xx_hal.c.obj
 .debug_macro   0x0001f835      0x1ba CMakeFiles/can.dir/Src/system_stm32f4xx.c.obj

.debug_line     0x00000000     0x699c
 .debug_line    0x00000000      0x72b CMakeFiles/can.dir/Src/main.c.obj
 .debug_line    0x0000072b      0x5c8 CMakeFiles/can.dir/Src/gpio.c.obj
 .debug_line    0x00000cf3      0x6e3 CMakeFiles/can.dir/Src/can.c.obj
 .debug_line    0x000013d6      0x6a8 CMakeFiles/can.dir/Src/stm32f4xx_it.c.obj
 .debug_line    0x00001a7e      0x5c9 CMakeFiles/can.dir/Src/stm32f4xx_hal_msp.c.obj
 .debug_line    0x00002047      0x6e8 CMakeFiles/can.dir/application/CAN_receive.c.obj
 .debug_line    0x0000272f     0x107f CMakeFiles/can.dir/Drivers/STM32F4xx_HAL_Driver/Src/stm32f4xx_hal_can.c.obj
 .debug_line    0x000037ae      0xccd CMakeFiles/can.dir/Drivers/STM32F4xx_HAL_Driver/Src/stm32f4xx_hal_rcc.c.obj
 .debug_line    0x0000447b      0xa18 CMakeFiles/can.dir/Drivers/STM32F4xx_HAL_Driver/Src/stm32f4xx_hal_gpio.c.obj
 .debug_line    0x00004e93      0xb90 CMakeFiles/can.dir/Drivers/STM32F4xx_HAL_Driver/Src/stm32f4xx_hal_cortex.c.obj
 .debug_line    0x00005a23      0x8c0 CMakeFiles/can.dir/Drivers/STM32F4xx_HAL_Driver/Src/stm32f4xx_hal.c.obj
 .debug_line    0x000062e3      0x63f CMakeFiles/can.dir/Src/system_stm32f4xx.c.obj
 .debug_line    0x00006922       0x7a CMakeFiles/can.dir/startup_stm32f407xx.s.obj

.debug_str      0x00000000    0xbf3b2
 .debug_str     0x00000000    0xbf3b2 CMakeFiles/can.dir/Src/main.c.obj
                              0xbd528 (size before relaxing)
 .debug_str     0x000bf3b2    0xbd202 CMakeFiles/can.dir/Src/gpio.c.obj
 .debug_str     0x000bf3b2    0xbdadb CMakeFiles/can.dir/Src/can.c.obj
 .debug_str     0x000bf3b2    0xbd469 CMakeFiles/can.dir/Src/stm32f4xx_it.c.obj
 .debug_str     0x000bf3b2    0xbd202 CMakeFiles/can.dir/Src/stm32f4xx_hal_msp.c.obj
 .debug_str     0x000bf3b2    0xbd839 CMakeFiles/can.dir/application/CAN_receive.c.obj
 .debug_str     0x000bf3b2    0xbd9b1 CMakeFiles/can.dir/Drivers/STM32F4xx_HAL_Driver/Src/stm32f4xx_hal_can.c.obj
 .debug_str     0x000bf3b2    0xbd6eb CMakeFiles/can.dir/Drivers/STM32F4xx_HAL_Driver/Src/stm32f4xx_hal_rcc.c.obj
 .debug_str     0x000bf3b2    0xbd432 CMakeFiles/can.dir/Drivers/STM32F4xx_HAL_Driver/Src/stm32f4xx_hal_gpio.c.obj
 .debug_str     0x000bf3b2    0xbdbb7 CMakeFiles/can.dir/Drivers/STM32F4xx_HAL_Driver/Src/stm32f4xx_hal_cortex.c.obj
 .debug_str     0x000bf3b2    0xbde3b CMakeFiles/can.dir/Drivers/STM32F4xx_HAL_Driver/Src/stm32f4xx_hal.c.obj
 .debug_str     0x000bf3b2    0xbd2b2 CMakeFiles/can.dir/Src/system_stm32f4xx.c.obj
 .debug_str     0x000bf3b2       0x6c CMakeFiles/can.dir/startup_stm32f407xx.s.obj

.debug_line_str
                0x00000000      0x125
 .debug_line_str
                0x00000000      0x125 CMakeFiles/can.dir/startup_stm32f407xx.s.obj
                                 0x50 (size before relaxing)
 .debug_line_str
                0x00000125       0xc9 D:/Toolchain/arm-gnu-toolchain-14.3.rel1-mingw-w64-i686-arm-none-eabi/bin/../lib/gcc/arm-none-eabi/14.3.1/thumb/v7e-m+fp/hard\libgcc.a(_aeabi_uldivmod.o)
 .debug_line_str
                0x00000125       0xcd D:/Toolchain/arm-gnu-toolchain-14.3.rel1-mingw-w64-i686-arm-none-eabi/bin/../lib/gcc/arm-none-eabi/14.3.1/thumb/v7e-m+fp/hard\libgcc.a(_dvmd_tls.o)
